192.168.1.5 GET /admin 404
10.0.2.15 GET /shell.php 404
192.168.1.5 GET /wp-login 404
192.168.1.1 GET /index.html 200
